20 [ 509, 329 ]
16 [ 457, 155 ]
13 [ 86, 381 ]
10 [ 561, 511 ]
7 [ 410, 71 ]
7 [ 392, 483 ]
6 [ 528, 289 ]
6 [ 475, 417 ]
6 [ 301, 615 ]
6 [ 253, 172 ]
6 [ 158, 102 ]
5 [ 578, 440 ]
5 [ 444, 260 ]
5 [ 349, 14 ]
5 [ 204, 350 ]
5 [ 146, 544 ]
5 [ 130, 416 ]
5 [ 65, 281 ]
5 [ 49, 113 ]
5 [ 35, 141 ]
4 [ 592, 453 ]
4 [ 559, 502 ]
4 [ 491, 183 ]
4 [ 480, 349 ]
4 [ 431, 216 ]
4 [ 369, 467 ]
4 [ 270, 545 ]
4 [ 229, 280 ]
4 [ 200, 91 ]
4 [ 140, 475 ]
4 [ 116, 493 ]
4 [ 102, 403 ]
4 [ 41, 134 ]
4 [ 14, 5 ]
3 [ 579, 248 ]
3 [ 563, 370 ]
3 [ 515, 468 ]
3 [ 510, 594 ]
3 [ 506, 40 ]
3 [ 453, 24 ]
3 [ 446, 61 ]
3 [ 421, 49 ]
3 [ 404, 243 ]
3 [ 401, 533 ]
3 [ 393, 236 ]
3 [ 368, 279 ]
3 [ 346, 228 ]
3 [ 332, 634 ]
3 [ 327, 250 ]
3 [ 308, 38 ]
3 [ 303, 584 ]
3 [ 296, 267 ]
3 [ 293, 87 ]
3 [ 284, 623 ]
3 [ 258, 309 ]
3 [ 252, 620 ]
3 [ 230, 33 ]
3 [ 226, 647 ]
3 [ 192, 117 ]
3 [ 186, 93 ]
3 [ 178, 399 ]
3 [ 123, 661 ]
3 [ 113, 217 ]
3 [ 98, 57 ]
2 [ 596, 674 ]
2 [ 594, 342 ]
2 [ 587, 605 ]
2 [ 574, 324 ]
2 [ 568, 623 ]
2 [ 545, 179 ]
2 [ 511, 206 ]
2 [ 509, 371 ]
2 [ 490, 651 ]
2 [ 481, 131 ]
2 [ 474, 444 ]
2 [ 472, 649 ]
2 [ 459, 467 ]
2 [ 457, 597 ]
2 [ 418, 442 ]
2 [ 416, 250 ]
2 [ 409, 517 ]
2 [ 407, 1 ]
2 [ 405, 555 ]
2 [ 403, 400 ]
2 [ 401, 340 ]
2 [ 399, 579 ]
2 [ 391, 536 ]
2 [ 375, 151 ]
2 [ 373, 517 ]
2 [ 371, 301 ]
2 [ 369, 640 ]
2 [ 352, 275 ]
2 [ 345, 458 ]
2 [ 338, 187 ]
2 [ 326, 620 ]
2 [ 319, 228 ]
2 [ 311, 690 ]
2 [ 299, 485 ]
2 [ 290, 214 ]
2 [ 281, 667 ]
2 [ 270, 353 ]
2 [ 264, 73 ]
2 [ 254, 536 ]
2 [ 248, 479 ]
2 [ 246, 597 ]
2 [ 229, 342 ]
2 [ 206, 209 ]
2 [ 204, 221 ]
2 [ 201, 198 ]
2 [ 193, 497 ]
2 [ 185, 675 ]
2 [ 176, 426 ]
2 [ 174, 573 ]
2 [ 165, 252 ]
2 [ 133, 704 ]
2 [ 131, 455 ]
2 [ 128, 492 ]
2 [ 108, 131 ]
2 [ 95, 447 ]
2 [ 74, 592 ]
2 [ 63, 672 ]
2 [ 56, 28 ]
2 [ 47, 100 ]
2 [ 30, 554 ]
2 [ 28, 657 ]
2 [ 23, 228 ]
2 [ 18, 651 ]
2 [ 3, 298 ]
1 [ 701, 740 ]
1 [ 687, 723 ]
1 [ 686, 581 ]
1 [ 685, 720 ]
1 [ 669, 667 ]
1 [ 668, 277 ]
1 [ 667, 622 ]
1 [ 666, 667 ]
1 [ 646, 163 ]
1 [ 645, 476 ]
1 [ 644, 532 ]
1 [ 632, 668 ]
1 [ 631, 410 ]
1 [ 630, 657 ]
1 [ 629, 467 ]
1 [ 597, 644 ]
1 [ 596, 533 ]
1 [ 591, 675 ]
1 [ 543, 469 ]
1 [ 533, 666 ]
1 [ 518, 660 ]
1 [ 505, 516 ]
1 [ 496, 734 ]
1 [ 495, 425 ]
1 [ 490, 705 ]
1 [ 485, 722 ]
1 [ 462, 717 ]
1 [ 434, 597 ]
1 [ 430, 351 ]
1 [ 429, 763 ]
1 [ 424, 439 ]
1 [ 417, 687 ]
1 [ 404, 111 ]
1 [ 403, 557 ]
1 [ 402, 589 ]
1 [ 397, 431 ]
1 [ 396, 647 ]
1 [ 395, 417 ]
1 [ 394, 561 ]
1 [ 393, 333 ]
1 [ 392, 435 ]
1 [ 391, 606 ]
1 [ 390, 582 ]
1 [ 386, 667 ]
1 [ 374, 374 ]
1 [ 370, 268 ]
1 [ 369, 352 ]
1 [ 368, 644 ]
1 [ 357, 366 ]
1 [ 345, 572 ]
1 [ 344, 578 ]
1 [ 332, 659 ]
1 [ 331, 536 ]
1 [ 327, 379 ]
1 [ 326, 337 ]
1 [ 321, 293 ]
1 [ 312, 476 ]
1 [ 311, 654 ]
1 [ 307, 371 ]
1 [ 288, 244 ]
1 [ 283, 524 ]
1 [ 282, 484 ]
1 [ 281, 109 ]
1 [ 277, 456 ]
1 [ 275, 143 ]
1 [ 274, 243 ]
1 [ 262, 757 ]
1 [ 257, 440 ]
1 [ 249, 736 ]
1 [ 248, 192 ]
1 [ 247, 679 ]
1 [ 246, 413 ]
1 [ 245, 287 ]
1 [ 238, 430 ]
1 [ 236, 76 ]
1 [ 235, 195 ]
1 [ 218, 442 ]
1 [ 213, 148 ]
1 [ 205, 379 ]
1 [ 204, 494 ]
1 [ 195, 420 ]
1 [ 167, 371 ]
1 [ 166, 69 ]
1 [ 164, 250 ]
1 [ 163, 190 ]
1 [ 157, 330 ]
1 [ 156, 443 ]
1 [ 148, 717 ]
1 [ 141, 369 ]
1 [ 128, 574 ]
1 [ 122, 148 ]
1 [ 121, 88 ]
1 [ 110, 315 ]
1 [ 102, 553 ]
1 [ 87, 153 ]
1 [ 85, 466 ]
1 [ 84, 136 ]
1 [ 80, 73 ]
1 [ 72, 71 ]
1 [ 68, 177 ]
1 [ 67, 273 ]
1 [ 64, 18 ]
1 [ 50, 253 ]
1 [ 49, 277 ]
1 [ 29, 532 ]
1 [ 28, 241 ]
1 [ 22, 271 ]
1 [ 17, 65 ]
1 [ 6, 393 ]
1 [ 1, 711 ]
